


ARM Macro Assembler    Page 1 


    1 00000000                 AREA             ARMex, CODE, READONLY
    2 00000000                 ENTRY
    3 00000000         
    4 00000000         start
    5 00000000 E3A01011        MOV              r1, #17     ; 010001
    6 00000004 E3A02003        MOV              r2, #3      ; 000011
    7 00000008 E3A03000        MOV              r3, #0
    8 0000000C E3A04000        MOV              r4, #0
    9 00000010         
   10 00000010         loop1                                ; 17 x 3, Rs is 3
   11 00000010 E2833001        ADD              r3, #1
   12 00000014 E1A02122        LSR              r2, #2
   13 00000018 E3520000        CMP              r2, #0
   14 0000001C 1AFFFFFB        BNE              loop1
   15 00000020         
   16 00000020         loop2                                ; 3 x 17, Rs is 17
   17 00000020 E2844001        ADD              r4, #1
   18 00000024 E1A01121        LSR              r1, #2
   19 00000028 E3510000        CMP              r1, #0
   20 0000002C 1AFFFFFB        BNE              loop2
   21 00000030         
   22 00000030 E1A0F00E        MOV              pc, lr
   23 00000034                 END
Command Line: --debug --xref --diag_suppress=9931 --cpu=ARM9E --apcs=interwork 
--depend=.\objects\problem3.d -o.\objects\problem3.o -IC:\Keil_v5\ARM\RV31\INC 
-IC:\Keil_v5\ARM\CMSIS\Include --predefine="__EVAL SETA 1" --predefine="__UVISI
ON_VERSION SETA 529" --list=.\listings\problem3.lst problem3.s



ARM Macro Assembler    Page 1 Alphabetic symbol ordering
Relocatable symbols

ARMex 00000000

Symbol: ARMex
   Definitions
      At line 1 in file problem3.s
   Uses
      None
Comment: ARMex unused
loop1 00000010

Symbol: loop1
   Definitions
      At line 10 in file problem3.s
   Uses
      At line 14 in file problem3.s
Comment: loop1 used once
loop2 00000020

Symbol: loop2
   Definitions
      At line 16 in file problem3.s
   Uses
      At line 20 in file problem3.s
Comment: loop2 used once
start 00000000

Symbol: start
   Definitions
      At line 4 in file problem3.s
   Uses
      None
Comment: start unused
4 symbols
336 symbols in table
